============================= test session starts =============================
platform win32 -- Python 3.11.0, pytest-7.1.2, pluggy-1.6.0
rootdir: C:\Users\ruben\Desktop\JetSetGo\backend
plugins: anyio-4.12.1
collected 0 items / 1 error

=================================== ERRORS ====================================
______________ ERROR collecting tests/test_packages_restored.py _______________
ImportError while importing test module 'C:\Users\ruben\Desktop\JetSetGo\backend\tests\test_packages_restored.py'.
Hint: make sure your test modules/packages have valid Python names.
Traceback:
..\..\..\AppData\Local\Programs\Python\Python311\Lib\site-packages\pydantic\networks.py:965: in import_email_validator
    import email_validator
E   ModuleNotFoundError: No module named 'email_validator'

The above exception was the direct cause of the following exception:
..\..\..\AppData\Local\Programs\Python\Python311\Lib\importlib\__init__.py:126: in import_module
    return _bootstrap._gcd_import(name[level:], package, level)
tests\test_packages_restored.py:3: in <module>
    from app.main import app
app\main.py:14: in <module>
    from app.auth.routes import router as auth_router
app\auth\routes.py:13: in <module>
    class RegisterIn(BaseModel):
..\..\..\AppData\Local\Programs\Python\Python311\Lib\site-packages\pydantic\_internal\_model_construction.py:255: in __new__
    complete_model_class(
..\..\..\AppData\Local\Programs\Python\Python311\Lib\site-packages\pydantic\_internal\_model_construction.py:648: in complete_model_class
    schema = gen_schema.generate_schema(cls)
..\..\..\AppData\Local\Programs\Python\Python311\Lib\site-packages\pydantic\_internal\_generate_schema.py:729: in generate_schema
    schema = self._generate_schema_inner(obj)
..\..\..\AppData\Local\Programs\Python\Python311\Lib\site-packages\pydantic\_internal\_generate_schema.py:1023: in _generate_schema_inner
    return self._model_schema(obj)
..\..\..\AppData\Local\Programs\Python\Python311\Lib\site-packages\pydantic\_internal\_generate_schema.py:856: in _model_schema
    {k: self._generate_md_field_schema(k, v, decorators) for k, v in fields.items()},
..\..\..\AppData\Local\Programs\Python\Python311\Lib\site-packages\pydantic\_internal\_generate_schema.py:856: in <dictcomp>
    {k: self._generate_md_field_schema(k, v, decorators) for k, v in fields.items()},
..\..\..\AppData\Local\Programs\Python\Python311\Lib\site-packages\pydantic\_internal\_generate_schema.py:1228: in _generate_md_field_schema
    schema, metadata = self._common_field_schema(name, field_info, decorators)
..\..\..\AppData\Local\Programs\Python\Python311\Lib\site-packages\pydantic\_internal\_generate_schema.py:1282: in _common_field_schema
    schema = self._apply_annotations(
..\..\..\AppData\Local\Programs\Python\Python311\Lib\site-packages\pydantic\_internal\_generate_schema.py:2227: in _apply_annotations
    schema = get_inner_schema(source_type)
..\..\..\AppData\Local\Programs\Python\Python311\Lib\site-packages\pydantic\_internal\_schema_generation_shared.py:83: in __call__
    schema = self._handler(source_type)
..\..\..\AppData\Local\Programs\Python\Python311\Lib\site-packages\pydantic\_internal\_generate_schema.py:2203: in inner_handler
    schema = self._generate_schema_from_get_schema_method(obj, source_type)
..\..\..\AppData\Local\Programs\Python\Python311\Lib\site-packages\pydantic\_internal\_generate_schema.py:919: in _generate_schema_from_get_schema_method
    schema = get_schema(
..\..\..\AppData\Local\Programs\Python\Python311\Lib\site-packages\pydantic\networks.py:1005: in __get_pydantic_core_schema__
    import_email_validator()
..\..\..\AppData\Local\Programs\Python\Python311\Lib\site-packages\pydantic\networks.py:967: in import_email_validator
    raise ImportError("email-validator is not installed, run `pip install 'pydantic[email]'`") from e
E   ImportError: email-validator is not installed, run `pip install 'pydantic[email]'`
============================== warnings summary ===============================
app\auth\security.py:17
  C:\\Users\\ruben\\Desktop\\JetSetGo\\backend\\app\\auth\\security.py:17: RuntimeWarning: \u26a0\ufe0f  Using default JWT_SECRET! Set JWT_SECRET environment variable in production.\n    warnings.warn(

-- Docs: https://docs.pytest.org/en/stable/how-to/capture-warnings.html
=========================== short test summary info ===========================
ERROR tests/test_packages_restored.py
!!!!!!!!!!!!!!!!!!! Interrupted: 1 error during collection !!!!!!!!!!!!!!!!!!!!
========================= 1 warning, 1 error in 1.46s =========================
